./data_ibm_train_kv/input_kv_msau/0000971160.json
./data_ibm_train_kv/input_kv_msau/0000989556.json
./data_ibm_train_kv/input_kv_msau/0000990274.json
./data_ibm_train_kv/input_kv_msau/0000999294.json
./data_ibm_train_kv/input_kv_msau/0001118259.json
./data_ibm_train_kv/input_kv_msau/0001123541.json
./data_ibm_train_kv/input_kv_msau/0001129658.json
./data_ibm_train_kv/input_kv_msau/0001209043.json
./data_ibm_train_kv/input_kv_msau/0001239897.json
./data_ibm_train_kv/input_kv_msau/0001438955.json
./data_ibm_train_kv/input_kv_msau/0001456787.json
./data_ibm_train_kv/input_kv_msau/0001463282.json
./data_ibm_train_kv/input_kv_msau/0001463448.json
./data_ibm_train_kv/input_kv_msau/0001476912.json
./data_ibm_train_kv/input_kv_msau/0001477983.json
./data_ibm_train_kv/input_kv_msau/0001485288.json
./data_ibm_train_kv/input_kv_msau/00040534.json
./data_ibm_train_kv/input_kv_msau/00070353.json
./data_ibm_train_kv/input_kv_msau/00093726.json
./data_ibm_train_kv/input_kv_msau/0011505151.json
./data_ibm_train_kv/input_kv_msau/0011838621.json
./data_ibm_train_kv/input_kv_msau/0011845203.json
./data_ibm_train_kv/input_kv_msau/0011856542.json
./data_ibm_train_kv/input_kv_msau/0011859695.json
./data_ibm_train_kv/input_kv_msau/0011899960.json
./data_ibm_train_kv/input_kv_msau/0011906503.json
./data_ibm_train_kv/input_kv_msau/0011973451.json
./data_ibm_train_kv/input_kv_msau/0011974919.json
./data_ibm_train_kv/input_kv_msau/0011976929.json
./data_ibm_train_kv/input_kv_msau/0012178355.json
./data_ibm_train_kv/input_kv_msau/0012199830.json
./data_ibm_train_kv/input_kv_msau/0012529284.json
./data_ibm_train_kv/input_kv_msau/0012529295.json
./data_ibm_train_kv/input_kv_msau/0012602424.json
./data_ibm_train_kv/input_kv_msau/0012947358.json
./data_ibm_train_kv/input_kv_msau/0013255595.json
./data_ibm_train_kv/input_kv_msau/00283813.json
./data_ibm_train_kv/input_kv_msau/0030031163.json
./data_ibm_train_kv/input_kv_msau/0030041455.json
./data_ibm_train_kv/input_kv_msau/0060000813.json
./data_ibm_train_kv/input_kv_msau/0060007216.json
./data_ibm_train_kv/input_kv_msau/0060024314.json
./data_ibm_train_kv/input_kv_msau/0060025670.json
./data_ibm_train_kv/input_kv_msau/0060029036.json
./data_ibm_train_kv/input_kv_msau/0060036622.json
./data_ibm_train_kv/input_kv_msau/0060068489.json
./data_ibm_train_kv/input_kv_msau/0060077689.json
./data_ibm_train_kv/input_kv_msau/0060080406.json
./data_ibm_train_kv/input_kv_msau/0060091229.json
./data_ibm_train_kv/input_kv_msau/0060094595.json
./data_ibm_train_kv/input_kv_msau/0060136394.json
./data_ibm_train_kv/input_kv_msau/0060165115.json
./data_ibm_train_kv/input_kv_msau/0060173256.json
./data_ibm_train_kv/input_kv_msau/0060207528.json
./data_ibm_train_kv/input_kv_msau/0060214859.json
./data_ibm_train_kv/input_kv_msau/0060255888.json
./data_ibm_train_kv/input_kv_msau/0060262650.json
./data_ibm_train_kv/input_kv_msau/0060270727.json
./data_ibm_train_kv/input_kv_msau/0060302201.json
./data_ibm_train_kv/input_kv_msau/0060308251.json
./data_ibm_train_kv/input_kv_msau/0060308461.json
./data_ibm_train_kv/input_kv_msau/0071032790.json
./data_ibm_train_kv/input_kv_msau/0071032807.json
./data_ibm_train_kv/input_kv_msau/00836244.json
./data_ibm_train_kv/input_kv_msau/00836816.json
./data_ibm_train_kv/input_kv_msau/00837285.json
./data_ibm_train_kv/input_kv_msau/00838511_00838525.json
./data_ibm_train_kv/input_kv_msau/00851772_1780.json
./data_ibm_train_kv/input_kv_msau/00851879.json
./data_ibm_train_kv/input_kv_msau/00860012_00860014.json
./data_ibm_train_kv/input_kv_msau/00865872.json
./data_ibm_train_kv/input_kv_msau/00866042.json
./data_ibm_train_kv/input_kv_msau/00920222.json
./data_ibm_train_kv/input_kv_msau/00920294.json
./data_ibm_train_kv/input_kv_msau/00922237.json
./data_ibm_train_kv/input_kv_msau/01073843.json
./data_ibm_train_kv/input_kv_msau/01122115.json
./data_ibm_train_kv/input_kv_msau/01150773_01150774.json
./data_ibm_train_kv/input_kv_msau/01191071_1072.json
./data_ibm_train_kv/input_kv_msau/01197604.json
./data_ibm_train_kv/input_kv_msau/01408099_01408101.json
./data_ibm_train_kv/input_kv_msau/11508234.json
./data_ibm_train_kv/input_kv_msau/11875011.json
./data_ibm_train_kv/input_kv_msau/12052385.json
./data_ibm_train_kv/input_kv_msau/12603270.json
./data_ibm_train_kv/input_kv_msau/12825369.json
./data_ibm_train_kv/input_kv_msau/13149651.json
./data_ibm_train_kv/input_kv_msau/660978.json
./data_ibm_train_kv/input_kv_msau/71108371.json
./data_ibm_train_kv/input_kv_msau/71190280.json
./data_ibm_train_kv/input_kv_msau/71202511.json
./data_ibm_train_kv/input_kv_msau/71206427.json
./data_ibm_train_kv/input_kv_msau/71341634.json
./data_ibm_train_kv/input_kv_msau/71366499.json
./data_ibm_train_kv/input_kv_msau/71563825.json
./data_ibm_train_kv/input_kv_msau/71601299.json
./data_ibm_train_kv/input_kv_msau/716552.json
./data_ibm_train_kv/input_kv_msau/80310840a.json
./data_ibm_train_kv/input_kv_msau/80707440_7443.json
./data_ibm_train_kv/input_kv_msau/80718412_8413.json
./data_ibm_train_kv/input_kv_msau/80728670.json
./data_ibm_train_kv/input_kv_msau/81186212.json
./data_ibm_train_kv/input_kv_msau/81310636.json
./data_ibm_train_kv/input_kv_msau/81574683.json
./data_ibm_train_kv/input_kv_msau/81619486_9488.json
./data_ibm_train_kv/input_kv_msau/81619511_9513.json
./data_ibm_train_kv/input_kv_msau/81749056_9057.json
./data_ibm_train_kv/input_kv_msau/82254638.json
./data_ibm_train_kv/input_kv_msau/87533049.json
./data_ibm_train_kv/input_kv_msau/87672097.json
./data_ibm_train_kv/input_kv_msau/87682908.json
./data_ibm_train_kv/input_kv_msau/88057519.json
./data_ibm_train_kv/input_kv_msau/88547278_88547279.json
./data_ibm_train_kv/input_kv_msau/89368010.json
./data_ibm_train_kv/input_kv_msau/89386032.json
./data_ibm_train_kv/input_kv_msau/89817999_8002.json
./data_ibm_train_kv/input_kv_msau/89867723.json
./data_ibm_train_kv/input_kv_msau/91104867.json
./data_ibm_train_kv/input_kv_msau/91161344_91161347.json
./data_ibm_train_kv/input_kv_msau/91315069_91315070.json
./data_ibm_train_kv/input_kv_msau/91355841.json
