./data_ibm_train_kv/input_kv_msau/91356315.json
./data_ibm_train_kv/input_kv_msau/91361993.json
./data_ibm_train_kv/input_kv_msau/91372360.json
./data_ibm_train_kv/input_kv_msau/91391286.json
./data_ibm_train_kv/input_kv_msau/91391310.json
./data_ibm_train_kv/input_kv_msau/91581919.json
./data_ibm_train_kv/input_kv_msau/91856041_6049.json
./data_ibm_train_kv/input_kv_msau/91903177.json
./data_ibm_train_kv/input_kv_msau/91914407.json
./data_ibm_train_kv/input_kv_msau/91939637.json
./data_ibm_train_kv/input_kv_msau/91974562.json
./data_ibm_train_kv/input_kv_msau/92039708_9710.json
./data_ibm_train_kv/input_kv_msau/92081358_1359.json
./data_ibm_train_kv/input_kv_msau/92091873.json
./data_ibm_train_kv/input_kv_msau/92094746.json
./data_ibm_train_kv/input_kv_msau/92094751.json
./data_ibm_train_kv/input_kv_msau/92298125.json
./data_ibm_train_kv/input_kv_msau/92314414.json
./data_ibm_train_kv/input_kv_msau/92327794.json
./data_ibm_train_kv/input_kv_msau/92433599_92433601.json
./data_ibm_train_kv/input_kv_msau/92586242.json
./data_ibm_train_kv/input_kv_msau/92657311_7313.json
./data_ibm_train_kv/input_kv_msau/92657391.json
./data_ibm_train_kv/input_kv_msau/93213298.json
./data_ibm_train_kv/input_kv_msau/93329540.json
./data_ibm_train_kv/input_kv_msau/93351929_93351931.json
./data_ibm_train_kv/input_kv_msau/93380187.json
./data_ibm_train_kv/input_kv_msau/93455715.json
